<h1>Hello!</h1>
<p>It's Weekend!!</p>
<p>It's Weekend!!</p>